// Jest Snapshot v1, https://goo.gl/fbAQLP

exports[`should render correctly 1`] = `
<div>
  <div
    className="page-header"
  >
    <div
      className="content-container"
    >
      <h1
        className="page-header__title"
      >
        Edit Expense
      </h1>
    </div>
  </div>
  <div
    className="content-container"
  >
    <ExpenseForm
      expense={
        Object {
          "amount": 195,
          "createdAt": 0,
          "description": "Gum",
          "id": "1",
          "note": "",
        }
      }
      onSubmit={[Function]}
    />
    <button
      className="button button--remove"
      onClick={[Function]}
    >
      Remove Expense
    </button>
    <Modal
      ariaHideApp={true}
      bodyOpenClassName="ReactModal__Body--open"
      className="modal"
      closeTimeoutMS={0}
      contentLabel="Remove Expense"
      isOpen={false}
      onRequestClose={[Function]}
      parentSelector={[Function]}
      portalClassName="ReactModalPortal"
      shouldCloseOnOverlayClick={true}
    >
      <h1
        className="modal__title"
      >
        Remove Expense
      </h1>
      <p
        className="modal__content"
      >
        Are you sure you want to remove this expense?
      </p>
      <div
        className="modal__button-group"
      >
        <button
          className="button button--remove"
          onClick={[Function]}
        >
          Remove
        </button>
        <button
          className="button"
          onClick={[Function]}
        >
          Cancel
        </button>
      </div>
    </Modal>
  </div>
</div>
`;
