// Jest Snapshot v1, https://goo.gl/fbAQLP

exports[`should render NotFoundPage correctly 1`] = `
<p>
  404 -
  <Link
    replace={false}
    to="/"
  >
    Go To Home
  </Link>
</p>
`;
